loading annotations into memory...
Done (t=0.01s)
creating index...
index created!
Loading and preparing results...
DONE (t=0.00s)
creating index...
index created!
loading annotations into memory...
Done (t=0.01s)
creating index...
index created!
Loading and preparing results...
DONE (t=0.00s)
creating index...
index created!
loading annotations into memory...
Done (t=0.01s)
creating index...
index created!
Loading and preparing results...
DONE (t=0.00s)
creating index...
index created!
loading annotations into memory...
Done (t=0.01s)
creating index...
index created!
Loading and preparing results...
DONE (t=0.00s)
creating index...
index created!
loading annotations into memory...
Done (t=0.01s)
creating index...
index created!
Loading and preparing results...
DONE (t=0.00s)
creating index...
index created!
loading annotations into memory...
Done (t=0.01s)
creating index...
index created!
Loading and preparing results...
DONE (t=0.00s)
creating index...
index created!
[fold6] consistent=True
   mAP    baseline=0.482992 variant=0.493222 delta=+0.010230  (3dp: +0.010)
   mAP_50 baseline=0.844883 variant=0.852772 delta=+0.007890  (3dp: +0.008)
   mAP_75 baseline=0.517104 variant=0.533958 delta=+0.016855  (3dp: +0.017)
   AR@100 baseline=0.571062 variant=0.585714 delta=+0.014652  (3dp: +0.015)
[fold7] consistent=True
   mAP    baseline=0.500575 variant=0.501989 delta=+0.001415  (3dp: +0.001)
   mAP_50 baseline=0.828740 variant=0.831458 delta=+0.002718  (3dp: +0.002)
   mAP_75 baseline=0.574046 variant=0.599548 delta=+0.025502  (3dp: +0.026)
   AR@100 baseline=0.582967 variant=0.591941 delta=+0.008974  (3dp: +0.009)
[fold8] consistent=True
   mAP    baseline=0.440972 variant=0.456531 delta=+0.015559  (3dp: +0.016)
   mAP_50 baseline=0.810999 variant=0.820167 delta=+0.009168  (3dp: +0.009)
   mAP_75 baseline=0.437569 variant=0.456311 delta=+0.018742  (3dp: +0.018)
   AR@100 baseline=0.562637 variant=0.566300 delta=+0.003663  (3dp: +0.003)
equal-weight mean delta over 3 folds: mAP +0.009068  AP50 +0.006592  AP75 +0.020366  AR@100 +0.009096
wrote /home/xcc/dual_teacher_project/DualTeacher_ablation/ablation_configs/reweight_l1_round_20260929/paired_coco_delta.json (status=complete)
